Loading training trace: AMS20PrdApp19-tround.sqlite …
Topology: 96 hosts, 192 MPDs, max_degree=8
Loading eval trace: LON23PrdApp01-troundgrt5m.sqlite …
Using cuda:0 device

Training SAC for 1,000,000 timesteps …

Logging to logs/SAC_3
---------------------------------
| time/              |          |
|    episodes        | 4        |
|    fps             | 52       |
|    time_elapsed    | 241      |
|    total_timesteps | 12648    |
| train/             |          |
|    actor_loss      | -75.7    |
|    critic_loss     | 0.061    |
|    ent_coef        | 0.0309   |
|    ent_coef_loss   | -43.7    |
|    learning_rate   | 0.0003   |
|    n_updates       | 11647    |
---------------------------------
/home/pm3371/gitrepos/octopus-allocation/venv/lib/python3.10/site-packages/stabl
e_baselines3/common/evaluation.py:70: UserWarning: Evaluation environment is not
wrapped with a ``Monitor`` wrapper. This may result in reporting modified 
episode lengths and rewards, if other wrappers happen to modify these. Consider 
wrapping environment first with ``Monitor`` wrapper.
  warnings.warn(
Eval num_timesteps=20000, episode_reward=-4.41 +/- 2.41
Episode length: 7334.67 +/- 423.81
---------------------------------
| eval/              |          |
|    mean_ep_length  | 7.33e+03 |
|    mean_reward     | -4.41    |
| time/              |          |
|    total_timesteps | 20000    |
| train/             |          |
|    actor_loss      | -77.3    |
|    critic_loss     | 0.325    |
|    ent_coef        | 0.0146   |
|    ent_coef_loss   | 11.9     |
|    learning_rate   | 0.0003   |
|    n_updates       | 18999    |
---------------------------------
New best mean reward!
---------------------------------
| time/              |          |
|    episodes        | 8        |
|    fps             | 48       |
|    time_elapsed    | 504      |
|    total_timesteps | 24516    |
| train/             |          |
|    actor_loss      | -78.7    |
|    critic_loss     | 0.127    |
|    ent_coef        | 0.0161   |
|    ent_coef_loss   | -6.11    |
|    learning_rate   | 0.0003   |
|    n_updates       | 23515    |
---------------------------------
---------------------------------
| time/              |          |
|    episodes        | 12       |
|    fps             | 48       |
|    time_elapsed    | 734      |
|    total_timesteps | 35732    |
| train/             |          |
|    actor_loss      | -78.9    |
|    critic_loss     | 0.0629   |
|    ent_coef        | 0.0104   |
|    ent_coef_loss   | 0.0777   |
|    learning_rate   | 0.0003   |
|    n_updates       | 34731    |
---------------------------------
Eval num_timesteps=40000, episode_reward=-5.03 +/- 0.85
Episode length: 7991.67 +/- 320.08
---------------------------------
| eval/              |          |
|    mean_ep_length  | 7.99e+03 |
|    mean_reward     | -5.03    |
| time/              |          |
|    total_timesteps | 40000    |
| train/             |          |
|    actor_loss      | -78.3    |
|    critic_loss     | 0.0999   |
|    ent_coef        | 0.0144   |
|    ent_coef_loss   | -5.1     |
|    learning_rate   | 0.0003   |
|    n_updates       | 38999    |
---------------------------------
---------------------------------
| time/              |          |
|    episodes        | 16       |
|    fps             | 46       |
|    time_elapsed    | 1040     |
|    total_timesteps | 48807    |
| train/             |          |
|    actor_loss      | -79.3    |
|    critic_loss     | 0.953    |
|    ent_coef        | 0.0145   |
|    ent_coef_loss   | -0.804   |
|    learning_rate   | 0.0003   |
|    n_updates       | 47806    |
---------------------------------
Eval num_timesteps=60000, episode_reward=-3.95 +/- 1.03
Episode length: 6857.33 +/- 479.83
---------------------------------
| eval/              |          |
|    mean_ep_length  | 6.86e+03 |
|    mean_reward     | -3.95    |
| time/              |          |
|    total_timesteps | 60000    |
| train/             |          |
|    actor_loss      | -76.6    |
|    critic_loss     | 0.147    |
|    ent_coef        | 0.012    |
|    ent_coef_loss   | -3.54    |
|    learning_rate   | 0.0003   |
|    n_updates       | 58999    |
---------------------------------
New best mean reward!
---------------------------------
| time/              |          |
|    episodes        | 20       |
|    fps             | 46       |
|    time_elapsed    | 1311     |
|    total_timesteps | 60525    |
| train/             |          |
|    actor_loss      | -76.6    |
|    critic_loss     | 0.0692   |
|    ent_coef        | 0.0116   |
|    ent_coef_loss   | -1.87    |
|    learning_rate   | 0.0003   |
|    n_updates       | 59524    |
---------------------------------
---------------------------------
| time/              |          |
|    episodes        | 24       |
|    fps             | 46       |
|    time_elapsed    | 1538     |
|    total_timesteps | 72043    |
| train/             |          |
|    actor_loss      | -73.6    |
|    critic_loss     | 0.0987   |
|    ent_coef        | 0.00948  |
|    ent_coef_loss   | -3.22    |
|    learning_rate   | 0.0003   |
|    n_updates       | 71042    |
---------------------------------
Eval num_timesteps=80000, episode_reward=-6.15 +/- 1.74
Episode length: 7720.00 +/- 800.73
---------------------------------
| eval/              |          |
|    mean_ep_length  | 7.72e+03 |
|    mean_reward     | -6.15    |
| time/              |          |
|    total_timesteps | 80000    |
| train/             |          |
|    actor_loss      | -72.9    |
|    critic_loss     | 0.307    |
|    ent_coef        | 0.0145   |
|    ent_coef_loss   | 0.564    |
|    learning_rate   | 0.0003   |
|    n_updates       | 78999    |
---------------------------------
---------------------------------
| time/              |          |
|    episodes        | 28       |
|    fps             | 46       |
|    time_elapsed    | 1791     |
|    total_timesteps | 84126    |
| train/             |          |
|    actor_loss      | -72.6    |
|    critic_loss     | 0.0306   |
|    ent_coef        | 0.0106   |
|    ent_coef_loss   | -2.49    |
|    learning_rate   | 0.0003   |
|    n_updates       | 83125    |
---------------------------------
---------------------------------
| time/              |          |
|    episodes        | 32       |
|    fps             | 46       |
|    time_elapsed    | 2035     |
|    total_timesteps | 95632    |
| train/             |          |
|    actor_loss      | -69      |
|    critic_loss     | 0.177    |
|    ent_coef        | 0.00811  |
|    ent_coef_loss   | -1.38    |
|    learning_rate   | 0.0003   |
|    n_updates       | 94631    |
---------------------------------
Eval num_timesteps=100000, episode_reward=-3.55 +/- 1.19
Episode length: 6997.33 +/- 715.23
---------------------------------
| eval/              |          |
|    mean_ep_length  | 7e+03    |
|    mean_reward     | -3.55    |
| time/              |          |
|    total_timesteps | 100000   |
| train/             |          |
|    actor_loss      | -66.9    |
|    critic_loss     | 0.0604   |
|    ent_coef        | 0.00786  |
|    ent_coef_loss   | -0.489   |
|    learning_rate   | 0.0003   |
|    n_updates       | 98999    |
---------------------------------
New best mean reward!
---------------------------------
| time/              |          |
|    episodes        | 36       |
|    fps             | 46       |
|    time_elapsed    | 2289     |
|    total_timesteps | 106721   |
| train/             |          |
|    actor_loss      | -65.2    |
|    critic_loss     | 0.0669   |
|    ent_coef        | 0.00671  |
|    ent_coef_loss   | -2.83    |
|    learning_rate   | 0.0003   |
|    n_updates       | 105720   |
---------------------------------
---------------------------------
| time/              |          |
|    episodes        | 40       |
|    fps             | 46       |
|    time_elapsed    | 2544     |
|    total_timesteps | 119080   |
| train/             |          |
|    actor_loss      | -62.9    |
|    critic_loss     | 0.0726   |
|    ent_coef        | 0.00645  |
|    ent_coef_loss   | 4.08     |
|    learning_rate   | 0.0003   |
|    n_updates       | 118079   |
---------------------------------
Eval num_timesteps=120000, episode_reward=-2.63 +/- 1.16
Episode length: 7382.67 +/- 761.38
---------------------------------
| eval/              |          |
|    mean_ep_length  | 7.38e+03 |
|    mean_reward     | -2.63    |
| time/              |          |
|    total_timesteps | 120000   |
| train/             |          |
|    actor_loss      | -62.8    |
|    critic_loss     | 0.021    |
|    ent_coef        | 0.007    |
|    ent_coef_loss   | 4.7      |
|    learning_rate   | 0.0003   |
|    n_updates       | 118999   |
---------------------------------
New best mean reward!
---------------------------------
| time/              |          |
|    episodes        | 44       |
|    fps             | 46       |
|    time_elapsed    | 2818     |
|    total_timesteps | 131198   |
| train/             |          |
|    actor_loss      | -60.9    |
|    critic_loss     | 0.061    |
|    ent_coef        | 0.00764  |
|    ent_coef_loss   | -3.71    |
|    learning_rate   | 0.0003   |
|    n_updates       | 130197   |
---------------------------------
Eval num_timesteps=140000, episode_reward=-3.81 +/- 1.07
Episode length: 7188.67 +/- 84.57
---------------------------------
| eval/              |          |
|    mean_ep_length  | 7.19e+03 |
|    mean_reward     | -3.81    |
| time/              |          |
|    total_timesteps | 140000   |
| train/             |          |
|    actor_loss      | -59      |
|    critic_loss     | 0.0428   |
|    ent_coef        | 0.00648  |
|    ent_coef_loss   | -2.19    |
|    learning_rate   | 0.0003   |
|    n_updates       | 138999   |
---------------------------------
---------------------------------
| time/              |          |
|    episodes        | 48       |
|    fps             | 46       |
|    time_elapsed    | 3099     |
|    total_timesteps | 143469   |
| train/             |          |
|    actor_loss      | -57.7    |
|    critic_loss     | 0.0139   |
|    ent_coef        | 0.00732  |
|    ent_coef_loss   | -0.572   |
|    learning_rate   | 0.0003   |
|    n_updates       | 142468   |
---------------------------------
---------------------------------
| time/              |          |
|    episodes        | 52       |
|    fps             | 46       |
|    time_elapsed    | 3363     |
|    total_timesteps | 155297   |
| train/             |          |
|    actor_loss      | -54.3    |
|    critic_loss     | 0.065    |
|    ent_coef        | 0.00355  |
|    ent_coef_loss   | -6.9     |
|    learning_rate   | 0.0003   |
|    n_updates       | 154296   |
---------------------------------
Eval num_timesteps=160000, episode_reward=-2.17 +/- 0.53
Episode length: 7193.00 +/- 214.95
---------------------------------
| eval/              |          |
|    mean_ep_length  | 7.19e+03 |
|    mean_reward     | -2.17    |
| time/              |          |
|    total_timesteps | 160000   |
| train/             |          |
|    actor_loss      | -53.5    |
|    critic_loss     | 0.0312   |
|    ent_coef        | 0.00581  |
|    ent_coef_loss   | 5.77     |
|    learning_rate   | 0.0003   |
|    n_updates       | 158999   |
---------------------------------
New best mean reward!
---------------------------------
| time/              |          |
|    episodes        | 56       |
|    fps             | 46       |
|    time_elapsed    | 3620     |
|    total_timesteps | 166918   |
| train/             |          |
|    actor_loss      | -51.9    |
|    critic_loss     | 0.0592   |
|    ent_coef        | 0.00314  |
|    ent_coef_loss   | -3.43    |
|    learning_rate   | 0.0003   |
|    n_updates       | 165917   |
---------------------------------
---------------------------------
| time/              |          |
|    episodes        | 60       |
|    fps             | 46       |
|    time_elapsed    | 3906     |
|    total_timesteps | 179904   |
| train/             |          |
|    actor_loss      | -49.6    |
|    critic_loss     | 0.0436   |
|    ent_coef        | 0.003    |
|    ent_coef_loss   | -3.27    |
|    learning_rate   | 0.0003   |
|    n_updates       | 178903   |
---------------------------------
Eval num_timesteps=180000, episode_reward=-4.94 +/- 1.08
Episode length: 7847.67 +/- 720.19
---------------------------------
| eval/              |          |
|    mean_ep_length  | 7.85e+03 |
|    mean_reward     | -4.94    |
| time/              |          |
|    total_timesteps | 180000   |
| train/             |          |
|    actor_loss      | -49.1    |
|    critic_loss     | 0.0992   |
|    ent_coef        | 0.00297  |
|    ent_coef_loss   | 2.09     |
|    learning_rate   | 0.0003   |
|    n_updates       | 178999   |
---------------------------------
---------------------------------
| time/              |          |
|    episodes        | 64       |
|    fps             | 45       |
|    time_elapsed    | 4223     |
|    total_timesteps | 191880   |
| train/             |          |
|    actor_loss      | -47.1    |
|    critic_loss     | 0.00572  |
|    ent_coef        | 0.00434  |
|    ent_coef_loss   | 5.41     |
|    learning_rate   | 0.0003   |
|    n_updates       | 190879   |
---------------------------------
Eval num_timesteps=200000, episode_reward=-2.01 +/- 0.28
Episode length: 7876.00 +/- 620.65
---------------------------------
| eval/              |          |
|    mean_ep_length  | 7.88e+03 |
|    mean_reward     | -2.01    |
| time/              |          |
|    total_timesteps | 200000   |
| train/             |          |
|    actor_loss      | -45.4    |
|    critic_loss     | 8.05     |
|    ent_coef        | 0.00323  |
|    ent_coef_loss   | 0.366    |
|    learning_rate   | 0.0003   |
|    n_updates       | 198999   |
---------------------------------
New best mean reward!
---------------------------------
| time/              |          |
|    episodes        | 68       |
|    fps             | 44       |
|    time_elapsed    | 4510     |
|    total_timesteps | 202934   |
| train/             |          |
|    actor_loss      | -44.9    |
|    critic_loss     | 0.00804  |
|    ent_coef        | 0.00354  |
|    ent_coef_loss   | -12.8    |
|    learning_rate   | 0.0003   |
|    n_updates       | 201933   |
---------------------------------
---------------------------------
| time/              |          |
|    episodes        | 72       |
|    fps             | 44       |
|    time_elapsed    | 4810     |
|    total_timesteps | 215356   |
| train/             |          |
|    actor_loss      | -42.6    |
|    critic_loss     | 0.0113   |
|    ent_coef        | 0.00274  |
|    ent_coef_loss   | -1.3     |
|    learning_rate   | 0.0003   |
|    n_updates       | 214355   |
---------------------------------
Eval num_timesteps=220000, episode_reward=-5.03 +/- 3.20
Episode length: 7807.00 +/- 433.26
---------------------------------
| eval/              |          |
|    mean_ep_length  | 7.81e+03 |
|    mean_reward     | -5.03    |
| time/              |          |
|    total_timesteps | 220000   |
| train/             |          |
|    actor_loss      | -41.9    |
|    critic_loss     | 0.00894  |
|    ent_coef        | 0.00326  |
|    ent_coef_loss   | 10.3     |
|    learning_rate   | 0.0003   |
|    n_updates       | 218999   |
---------------------------------
---------------------------------
| time/              |          |
|    episodes        | 76       |
|    fps             | 44       |
|    time_elapsed    | 5108     |
|    total_timesteps | 226847   |
| train/             |          |
|    actor_loss      | -40.6    |
|    critic_loss     | 0.00981  |
|    ent_coef        | 0.00247  |
|    ent_coef_loss   | -6.88    |
|    learning_rate   | 0.0003   |
|    n_updates       | 225846   |
---------------------------------
---------------------------------
| time/              |          |
|    episodes        | 80       |
|    fps             | 44       |
|    time_elapsed    | 5418     |
|    total_timesteps | 239661   |
| train/             |          |
|    actor_loss      | -37.8    |
|    critic_loss     | 5.1      |
|    ent_coef        | 0.0027   |
|    ent_coef_loss   | -3.54    |
|    learning_rate   | 0.0003   |
|    n_updates       | 238660   |
---------------------------------
Eval num_timesteps=240000, episode_reward=-2.99 +/- 1.02
Episode length: 7430.00 +/- 692.53
---------------------------------
| eval/              |          |
|    mean_ep_length  | 7.43e+03 |
|    mean_reward     | -2.99    |
| time/              |          |
|    total_timesteps | 240000   |
| train/             |          |
|    actor_loss      | -37.8    |
|    critic_loss     | 4.66     |
|    ent_coef        | 0.0025   |
|    ent_coef_loss   | -4.1     |
|    learning_rate   | 0.0003   |
|    n_updates       | 238999   |
---------------------------------
---------------------------------
| time/              |          |
|    episodes        | 84       |
|    fps             | 43       |
|    time_elapsed    | 5724     |
|    total_timesteps | 251511   |
| train/             |          |
|    actor_loss      | -35.7    |
|    critic_loss     | 0.0152   |
|    ent_coef        | 0.00233  |
|    ent_coef_loss   | 3.91     |
|    learning_rate   | 0.0003   |
|    n_updates       | 250510   |
---------------------------------
Eval num_timesteps=260000, episode_reward=-4.05 +/- 0.73
Episode length: 7031.00 +/- 112.02
---------------------------------
| eval/              |          |
|    mean_ep_length  | 7.03e+03 |
|    mean_reward     | -4.05    |
| time/              |          |
|    total_timesteps | 260000   |
| train/             |          |
|    actor_loss      | -34      |
|    critic_loss     | 0.0108   |
|    ent_coef        | 0.00253  |
|    ent_coef_loss   | -0.734   |
|    learning_rate   | 0.0003   |
|    n_updates       | 258999   |
---------------------------------
---------------------------------
| time/              |          |
|    episodes        | 88       |
|    fps             | 43       |
|    time_elapsed    | 6060     |
|    total_timesteps | 264602   |
| train/             |          |
|    actor_loss      | -33.5    |
|    critic_loss     | 0.0181   |
|    ent_coef        | 0.00195  |
|    ent_coef_loss   | 1.57     |
|    learning_rate   | 0.0003   |
|    n_updates       | 263601   |
---------------------------------
---------------------------------
| time/              |          |
|    episodes        | 92       |
|    fps             | 43       |
|    time_elapsed    | 6380     |
|    total_timesteps | 277673   |
| train/             |          |
|    actor_loss      | -31.7    |
|    critic_loss     | 0.0265   |
|    ent_coef        | 0.00271  |
|    ent_coef_loss   | -1.37    |
|    learning_rate   | 0.0003   |
|    n_updates       | 276672   |
---------------------------------
Eval num_timesteps=280000, episode_reward=-4.29 +/- 1.70
Episode length: 7351.33 +/- 885.40
---------------------------------
| eval/              |          |
|    mean_ep_length  | 7.35e+03 |
|    mean_reward     | -4.29    |
| time/              |          |
|    total_timesteps | 280000   |
| train/             |          |
|    actor_loss      | -31.3    |
|    critic_loss     | 0.021    |
|    ent_coef        | 0.00193  |
|    ent_coef_loss   | 10.9     |
|    learning_rate   | 0.0003   |
|    n_updates       | 278999   |
---------------------------------
---------------------------------
| time/              |          |
|    episodes        | 96       |
|    fps             | 43       |
|    time_elapsed    | 6725     |
|    total_timesteps | 290449   |
| train/             |          |
|    actor_loss      | -30      |
|    critic_loss     | 0.0144   |
|    ent_coef        | 0.00253  |
|    ent_coef_loss   | -8.34    |
|    learning_rate   | 0.0003   |
|    n_updates       | 289448   |
---------------------------------
Eval num_timesteps=300000, episode_reward=-3.79 +/- 2.12
Episode length: 8089.67 +/- 548.62
---------------------------------
| eval/              |          |
|    mean_ep_length  | 8.09e+03 |
|    mean_reward     | -3.79    |
| time/              |          |
|    total_timesteps | 300000   |
| train/             |          |
|    actor_loss      | -29      |
|    critic_loss     | 0.00885  |
|    ent_coef        | 0.00177  |
|    ent_coef_loss   | -3.52    |
|    learning_rate   | 0.0003   |
|    n_updates       | 298999   |
---------------------------------
---------------------------------
| time/              |          |
|    episodes        | 100      |
|    fps             | 42       |
|    time_elapsed    | 7019     |
|    total_timesteps | 301542   |
| train/             |          |
|    actor_loss      | -28.8    |
|    critic_loss     | 0.0124   |
|    ent_coef        | 0.0016   |
|    ent_coef_loss   | 1.44     |
|    learning_rate   | 0.0003   |
|    n_updates       | 300541   |
---------------------------------
---------------------------------
| time/              |          |
|    episodes        | 104      |
|    fps             | 43       |
|    time_elapsed    | 7284     |
|    total_timesteps | 313874   |
| train/             |          |
|    actor_loss      | -27.5    |
|    critic_loss     | 0.0206   |
|    ent_coef        | 0.00299  |
|    ent_coef_loss   | 3.68     |
|    learning_rate   | 0.0003   |
|    n_updates       | 312873   |
---------------------------------
Eval num_timesteps=320000, episode_reward=-2.69 +/- 0.18
Episode length: 7839.33 +/- 585.28
---------------------------------
| eval/              |          |
|    mean_ep_length  | 7.84e+03 |
|    mean_reward     | -2.69    |
| time/              |          |
|    total_timesteps | 320000   |
| train/             |          |
|    actor_loss      | -26.8    |
|    critic_loss     | 0.0262   |
|    ent_coef        | 0.00171  |
|    ent_coef_loss   | -2.62    |
|    learning_rate   | 0.0003   |
|    n_updates       | 318999   |
---------------------------------
---------------------------------
| time/              |          |
|    episodes        | 108      |
|    fps             | 43       |
|    time_elapsed    | 7553     |
|    total_timesteps | 325169   |
| train/             |          |
|    actor_loss      | -25.9    |
|    critic_loss     | 0.0238   |
|    ent_coef        | 0.00161  |
|    ent_coef_loss   | -1.07    |
|    learning_rate   | 0.0003   |
|    n_updates       | 324168   |
---------------------------------
---------------------------------
| time/              |          |
|    episodes        | 112      |
|    fps             | 43       |
|    time_elapsed    | 7846     |
|    total_timesteps | 338507   |
| train/             |          |
|    actor_loss      | -24.8    |
|    critic_loss     | 0.00384  |
|    ent_coef        | 0.00202  |
|    ent_coef_loss   | 2.23     |
|    learning_rate   | 0.0003   |
|    n_updates       | 337506   |
---------------------------------
Eval num_timesteps=340000, episode_reward=-3.74 +/- 1.33
Episode length: 7782.00 +/- 585.71
---------------------------------
| eval/              |          |
|    mean_ep_length  | 7.78e+03 |
|    mean_reward     | -3.74    |
| time/              |          |
|    total_timesteps | 340000   |
| train/             |          |
|    actor_loss      | -24.6    |
|    critic_loss     | 0.0137   |
|    ent_coef        | 0.00192  |
|    ent_coef_loss   | 0.338    |
|    learning_rate   | 0.0003   |
|    n_updates       | 338999   |
---------------------------------
---------------------------------
| time/              |          |
|    episodes        | 116      |
|    fps             | 43       |
|    time_elapsed    | 8139     |
|    total_timesteps | 350162   |
| train/             |          |
|    actor_loss      | -23.5    |
|    critic_loss     | 0.00532  |
|    ent_coef        | 0.00148  |
|    ent_coef_loss   | -0.434   |
|    learning_rate   | 0.0003   |
|    n_updates       | 349161   |
---------------------------------
Eval num_timesteps=360000, episode_reward=-4.32 +/- 0.88
Episode length: 7674.33 +/- 143.01
---------------------------------
| eval/              |          |
|    mean_ep_length  | 7.67e+03 |
|    mean_reward     | -4.32    |
| time/              |          |
|    total_timesteps | 360000   |
| train/             |          |
|    actor_loss      | -22.3    |
|    critic_loss     | 0.0102   |
|    ent_coef        | 0.00134  |
|    ent_coef_loss   | -0.175   |
|    learning_rate   | 0.0003   |
|    n_updates       | 358999   |
---------------------------------
---------------------------------
| time/              |          |
|    episodes        | 120      |
|    fps             | 42       |
|    time_elapsed    | 8460     |
|    total_timesteps | 362596   |
| train/             |          |
|    actor_loss      | -22      |
|    critic_loss     | 0.00438  |
|    ent_coef        | 0.00141  |
|    ent_coef_loss   | -3.83    |
|    learning_rate   | 0.0003   |
|    n_updates       | 361595   |
---------------------------------
---------------------------------
| time/              |          |
|    episodes        | 124      |
|    fps             | 42       |
|    time_elapsed    | 8728     |
|    total_timesteps | 374695   |
| train/             |          |
|    actor_loss      | -20.9    |
|    critic_loss     | 0.00567  |
|    ent_coef        | 0.000952 |
|    ent_coef_loss   | 2.82     |
|    learning_rate   | 0.0003   |
|    n_updates       | 373694   |
---------------------------------
Eval num_timesteps=380000, episode_reward=-1.74 +/- 0.29
Episode length: 7114.67 +/- 499.00
---------------------------------
| eval/              |          |
|    mean_ep_length  | 7.11e+03 |
|    mean_reward     | -1.74    |
| time/              |          |
|    total_timesteps | 380000   |
| train/             |          |
|    actor_loss      | -20.2    |
|    critic_loss     | 0.00322  |
|    ent_coef        | 0.00106  |
|    ent_coef_loss   | 3.3      |
|    learning_rate   | 0.0003   |
|    n_updates       | 378999   |
---------------------------------
New best mean reward!
---------------------------------
| time/              |          |
|    episodes        | 128      |
|    fps             | 42       |
|    time_elapsed    | 9016     |
|    total_timesteps | 386599   |
| train/             |          |
|    actor_loss      | -19.8    |
|    critic_loss     | 0.00601  |
|    ent_coef        | 0.0011   |
|    ent_coef_loss   | 19.7     |
|    learning_rate   | 0.0003   |
|    n_updates       | 385598   |
---------------------------------
---------------------------------
| time/              |          |
|    episodes        | 132      |
|    fps             | 42       |
|    time_elapsed    | 9288     |
|    total_timesteps | 397989   |
| train/             |          |
|    actor_loss      | -18.9    |
|    critic_loss     | 0.00901  |
|    ent_coef        | 0.0011   |
|    ent_coef_loss   | -14.9    |
|    learning_rate   | 0.0003   |
|    n_updates       | 396988   |
---------------------------------
Eval num_timesteps=400000, episode_reward=-3.47 +/- 0.39
Episode length: 7162.33 +/- 677.56
---------------------------------
| eval/              |          |
|    mean_ep_length  | 7.16e+03 |
|    mean_reward     | -3.47    |
| time/              |          |
|    total_timesteps | 400000   |
| train/             |          |
|    actor_loss      | -18.7    |
|    critic_loss     | 0.00774  |
|    ent_coef        | 0.000786 |
|    ent_coef_loss   | 7.75     |
|    learning_rate   | 0.0003   |
|    n_updates       | 398999   |
---------------------------------
---------------------------------
| time/              |          |
|    episodes        | 136      |
|    fps             | 42       |
|    time_elapsed    | 9590     |
|    total_timesteps | 410052   |
| train/             |          |
|    actor_loss      | -17.9    |
|    critic_loss     | 0.00534  |
|    ent_coef        | 0.00107  |
|    ent_coef_loss   | 9.78     |
|    learning_rate   | 0.0003   |
|    n_updates       | 409051   |
---------------------------------
Eval num_timesteps=420000, episode_reward=-5.04 +/- 0.77
Episode length: 7699.00 +/- 97.05
---------------------------------
| eval/              |          |
|    mean_ep_length  | 7.7e+03  |
|    mean_reward     | -5.04    |
| time/              |          |
|    total_timesteps | 420000   |
| train/             |          |
|    actor_loss      | -17      |
|    critic_loss     | 0.00504  |
|    ent_coef        | 0.000759 |
|    ent_coef_loss   | -9.94    |
|    learning_rate   | 0.0003   |
|    n_updates       | 418999   |
---------------------------------
---------------------------------
| time/              |          |
|    episodes        | 140      |
|    fps             | 42       |
|    time_elapsed    | 9856     |
|    total_timesteps | 422031   |
| train/             |          |
|    actor_loss      | -16.9    |
|    critic_loss     | 0.00332  |
|    ent_coef        | 0.000768 |
|    ent_coef_loss   | 2.87     |
|    learning_rate   | 0.0003   |
|    n_updates       | 421030   |
---------------------------------
---------------------------------
| time/              |          |
|    episodes        | 144      |
|    fps             | 42       |
|    time_elapsed    | 10097    |
|    total_timesteps | 433798   |
| train/             |          |
|    actor_loss      | -16.1    |
|    critic_loss     | 0.00542  |
|    ent_coef        | 0.000673 |
|    ent_coef_loss   | -2.95    |
|    learning_rate   | 0.0003   |
|    n_updates       | 432797   |
---------------------------------
Eval num_timesteps=440000, episode_reward=-4.49 +/- 0.74
Episode length: 7776.00 +/- 478.20
---------------------------------
| eval/              |          |
|    mean_ep_length  | 7.78e+03 |
|    mean_reward     | -4.49    |
| time/              |          |
|    total_timesteps | 440000   |
| train/             |          |
|    actor_loss      | -15.7    |
|    critic_loss     | 0.00755  |
|    ent_coef        | 0.000852 |
|    ent_coef_loss   | 8.22     |
|    learning_rate   | 0.0003   |
|    n_updates       | 438999   |
---------------------------------
---------------------------------
| time/              |          |
|    episodes        | 148      |
|    fps             | 43       |
|    time_elapsed    | 10353    |
|    total_timesteps | 446144   |
| train/             |          |
|    actor_loss      | -15.2    |
|    critic_loss     | 0.00268  |
|    ent_coef        | 0.000813 |
|    ent_coef_loss   | 9.12     |
|    learning_rate   | 0.0003   |
|    n_updates       | 445143   |
---------------------------------
---------------------------------
| time/              |          |
|    episodes        | 152      |
|    fps             | 43       |
|    time_elapsed    | 10589    |
|    total_timesteps | 457658   |
| train/             |          |
|    actor_loss      | -14.4    |
|    critic_loss     | 0.00428  |
|    ent_coef        | 0.000489 |
|    ent_coef_loss   | 8.03     |
|    learning_rate   | 0.0003   |
|    n_updates       | 456657   |
---------------------------------
Eval num_timesteps=460000, episode_reward=-4.27 +/- 0.97
Episode length: 8450.00 +/- 1046.88
---------------------------------
| eval/              |          |
|    mean_ep_length  | 8.45e+03 |
|    mean_reward     | -4.27    |
| time/              |          |
|    total_timesteps | 460000   |
| train/             |          |
|    actor_loss      | -14.2    |
|    critic_loss     | 0.00477  |
|    ent_coef        | 0.000795 |
|    ent_coef_loss   | 6.74     |
|    learning_rate   | 0.0003   |
|    n_updates       | 458999   |
---------------------------------
---------------------------------
| time/              |          |
|    episodes        | 156      |
|    fps             | 43       |
|    time_elapsed    | 10800    |
|    total_timesteps | 469200   |
| train/             |          |
|    actor_loss      | -13.7    |
|    critic_loss     | 0.00393  |
|    ent_coef        | 0.000823 |
|    ent_coef_loss   | -10.8    |
|    learning_rate   | 0.0003   |
|    n_updates       | 468199   |
---------------------------------
Eval num_timesteps=480000, episode_reward=-3.94 +/- 0.62
Episode length: 7502.67 +/- 112.36
---------------------------------
| eval/              |          |
|    mean_ep_length  | 7.5e+03  |
|    mean_reward     | -3.94    |
| time/              |          |
|    total_timesteps | 480000   |
| train/             |          |
|    actor_loss      | -13      |
|    critic_loss     | 0.002    |
|    ent_coef        | 0.00047  |
|    ent_coef_loss   | 0.974    |
|    learning_rate   | 0.0003   |
|    n_updates       | 478999   |
---------------------------------
---------------------------------
| time/              |          |
|    episodes        | 160      |
|    fps             | 43       |
|    time_elapsed    | 11077    |
|    total_timesteps | 481368   |
| train/             |          |
|    actor_loss      | -12.8    |
|    critic_loss     | 0.00341  |
|    ent_coef        | 0.000543 |
|    ent_coef_loss   | -6.42    |
|    learning_rate   | 0.0003   |
|    n_updates       | 480367   |
---------------------------------
---------------------------------
| time/              |          |
|    episodes        | 164      |
|    fps             | 43       |
|    time_elapsed    | 11366    |
|    total_timesteps | 493305   |
| train/             |          |
|    actor_loss      | -12.2    |
|    critic_loss     | 0.0028   |
|    ent_coef        | 0.000627 |
|    ent_coef_loss   | -13.4    |
|    learning_rate   | 0.0003   |
|    n_updates       | 492304   |
---------------------------------
Eval num_timesteps=500000, episode_reward=-3.29 +/- 1.30
Episode length: 7945.33 +/- 356.85
---------------------------------
| eval/              |          |
|    mean_ep_length  | 7.95e+03 |
|    mean_reward     | -3.29    |
| time/              |          |
|    total_timesteps | 500000   |
| train/             |          |
|    actor_loss      | -11.9    |
|    critic_loss     | 0.00268  |
|    ent_coef        | 0.000361 |
|    ent_coef_loss   | 2.61     |
|    learning_rate   | 0.0003   |
|    n_updates       | 498999   |
---------------------------------
---------------------------------
| time/              |          |
|    episodes        | 168      |
|    fps             | 43       |
|    time_elapsed    | 11682    |
|    total_timesteps | 505529   |
| train/             |          |
|    actor_loss      | -11.6    |
|    critic_loss     | 0.00185  |
|    ent_coef        | 0.000424 |
|    ent_coef_loss   | -3.69    |
|    learning_rate   | 0.0003   |
|    n_updates       | 504528   |
---------------------------------
---------------------------------
| time/              |          |
|    episodes        | 172      |
|    fps             | 43       |
|    time_elapsed    | 11983    |
|    total_timesteps | 517578   |
| train/             |          |
|    actor_loss      | -10.9    |
|    critic_loss     | 0.00491  |
|    ent_coef        | 0.000301 |
|    ent_coef_loss   | -8.21    |
|    learning_rate   | 0.0003   |
|    n_updates       | 516577   |
---------------------------------
Eval num_timesteps=520000, episode_reward=-4.30 +/- 1.65
Episode length: 7210.00 +/- 1135.37
---------------------------------
| eval/              |          |
|    mean_ep_length  | 7.21e+03 |
|    mean_reward     | -4.3     |
| time/              |          |
|    total_timesteps | 520000   |
| train/             |          |
|    actor_loss      | -10.8    |
|    critic_loss     | 0.00231  |
|    ent_coef        | 0.000408 |
|    ent_coef_loss   | 0.937    |
|    learning_rate   | 0.0003   |
|    n_updates       | 518999   |
---------------------------------
---------------------------------
| time/              |          |
|    episodes        | 176      |
|    fps             | 43       |
|    time_elapsed    | 12301    |
|    total_timesteps | 529667   |
| train/             |          |
|    actor_loss      | -10.3    |
|    critic_loss     | 0.00602  |
|    ent_coef        | 0.000648 |
|    ent_coef_loss   | 0.433    |
|    learning_rate   | 0.0003   |
|    n_updates       | 528666   |
---------------------------------
Eval num_timesteps=540000, episode_reward=-5.24 +/- 2.14
Episode length: 7608.00 +/- 357.95
---------------------------------
| eval/              |          |
|    mean_ep_length  | 7.61e+03 |
|    mean_reward     | -5.24    |
| time/              |          |
|    total_timesteps | 540000   |
| train/             |          |
|    actor_loss      | -9.84    |
|    critic_loss     | 0.00297  |
|    ent_coef        | 0.00023  |
|    ent_coef_loss   | -16      |
|    learning_rate   | 0.0003   |
|    n_updates       | 538999   |
---------------------------------
---------------------------------
| time/              |          |
|    episodes        | 180      |
|    fps             | 42       |
|    time_elapsed    | 12577    |
|    total_timesteps | 540237   |
| train/             |          |
|    actor_loss      | -9.82    |
|    critic_loss     | 0.00283  |
|    ent_coef        | 0.000225 |
|    ent_coef_loss   | 2.81     |
|    learning_rate   | 0.0003   |
|    n_updates       | 539236   |
---------------------------------
---------------------------------
| time/              |          |
|    episodes        | 184      |
|    fps             | 42       |
|    time_elapsed    | 12896    |
|    total_timesteps | 553413   |
| train/             |          |
|    actor_loss      | -9.29    |
|    critic_loss     | 0.0035   |
|    ent_coef        | 0.00042  |
|    ent_coef_loss   | -2.96    |
|    learning_rate   | 0.0003   |
|    n_updates       | 552412   |
---------------------------------
Eval num_timesteps=560000, episode_reward=-4.27 +/- 1.22
Episode length: 7861.33 +/- 352.78
---------------------------------
| eval/              |          |
|    mean_ep_length  | 7.86e+03 |
|    mean_reward     | -4.27    |
| time/              |          |
|    total_timesteps | 560000   |
| train/             |          |
|    actor_loss      | -8.98    |
|    critic_loss     | 0.00371  |
|    ent_coef        | 0.00045  |
|    ent_coef_loss   | 1.29     |
|    learning_rate   | 0.0003   |
|    n_updates       | 558999   |
---------------------------------
---------------------------------
| time/              |          |
|    episodes        | 188      |
|    fps             | 42       |
|    time_elapsed    | 13210    |
|    total_timesteps | 565525   |
| train/             |          |
|    actor_loss      | -8.75    |
|    critic_loss     | 0.271    |
|    ent_coef        | 0.000244 |
|    ent_coef_loss   | -1.14    |
|    learning_rate   | 0.0003   |
|    n_updates       | 564524   |
---------------------------------
---------------------------------
| time/              |          |
|    episodes        | 192      |
|    fps             | 42       |
|    time_elapsed    | 13513    |
|    total_timesteps | 577943   |
| train/             |          |
|    actor_loss      | -8.49    |
|    critic_loss     | 0.228    |
|    ent_coef        | 0.000711 |
|    ent_coef_loss   | -7.21    |
|    learning_rate   | 0.0003   |
|    n_updates       | 576942   |
---------------------------------
Eval num_timesteps=580000, episode_reward=-2.97 +/- 0.76
Episode length: 7223.00 +/- 80.63
---------------------------------
| eval/              |          |
|    mean_ep_length  | 7.22e+03 |
|    mean_reward     | -2.97    |
| time/              |          |
|    total_timesteps | 580000   |
| train/             |          |
|    actor_loss      | -8.42    |
|    critic_loss     | 0.00842  |
|    ent_coef        | 0.000814 |
|    ent_coef_loss   | 22.3     |
|    learning_rate   | 0.0003   |
|    n_updates       | 578999   |
---------------------------------
---------------------------------
| time/              |          |
|    episodes        | 196      |
|    fps             | 42       |
|    time_elapsed    | 13842    |
|    total_timesteps | 590290   |
| train/             |          |
|    actor_loss      | -7.72    |
|    critic_loss     | 0.00142  |
|    ent_coef        | 0.000637 |
|    ent_coef_loss   | 8.69     |
|    learning_rate   | 0.0003   |
|    n_updates       | 589289   |
---------------------------------
Eval num_timesteps=600000, episode_reward=-6.29 +/- 1.05
Episode length: 7734.00 +/- 804.21
---------------------------------
| eval/              |          |
|    mean_ep_length  | 7.73e+03 |
|    mean_reward     | -6.29    |
| time/              |          |
|    total_timesteps | 600000   |
| train/             |          |
|    actor_loss      | -7.25    |
|    critic_loss     | 0.00266  |
|    ent_coef        | 0.000488 |
|    ent_coef_loss   | 7.04     |
|    learning_rate   | 0.0003   |
|    n_updates       | 598999   |
---------------------------------
---------------------------------
| time/              |          |
|    episodes        | 200      |
|    fps             | 42       |
|    time_elapsed    | 14192    |
|    total_timesteps | 603433   |
| train/             |          |
|    actor_loss      | -7.15    |
|    critic_loss     | 0.00229  |
|    ent_coef        | 0.000437 |
|    ent_coef_loss   | 2.02     |
|    learning_rate   | 0.0003   |
|    n_updates       | 602432   |
---------------------------------
---------------------------------
| time/              |          |
|    episodes        | 204      |
|    fps             | 42       |
|    time_elapsed    | 14470    |
|    total_timesteps | 614886   |
| train/             |          |
|    actor_loss      | -6.67    |
|    critic_loss     | 0.00352  |
|    ent_coef        | 0.000458 |
|    ent_coef_loss   | -6.59    |
|    learning_rate   | 0.0003   |
|    n_updates       | 613885   |
---------------------------------
Eval num_timesteps=620000, episode_reward=-3.25 +/- 1.22
Episode length: 7533.33 +/- 89.30
---------------------------------
| eval/              |          |
|    mean_ep_length  | 7.53e+03 |
|    mean_reward     | -3.25    |
| time/              |          |
|    total_timesteps | 620000   |
| train/             |          |
|    actor_loss      | -6.47    |
|    critic_loss     | 0.00363  |
|    ent_coef        | 0.00035  |
|    ent_coef_loss   | -1.8     |
|    learning_rate   | 0.0003   |
|    n_updates       | 618999   |
---------------------------------
---------------------------------
| time/              |          |
|    episodes        | 208      |
|    fps             | 42       |
|    time_elapsed    | 14815    |
|    total_timesteps | 628287   |
| train/             |          |
|    actor_loss      | -6.33    |
|    critic_loss     | 0.00135  |
|    ent_coef        | 0.000465 |
|    ent_coef_loss   | -3.46    |
|    learning_rate   | 0.0003   |
|    n_updates       | 627286   |
---------------------------------
Eval num_timesteps=640000, episode_reward=-5.45 +/- 0.69
Episode length: 7800.67 +/- 673.46
---------------------------------
| eval/              |          |
|    mean_ep_length  | 7.8e+03  |
|    mean_reward     | -5.45    |
| time/              |          |
|    total_timesteps | 640000   |
| train/             |          |
|    actor_loss      | -6       |
|    critic_loss     | 0.00222  |
|    ent_coef        | 0.000327 |
|    ent_coef_loss   | -33.5    |
|    learning_rate   | 0.0003   |
|    n_updates       | 638999   |
---------------------------------
---------------------------------
| time/              |          |
|    episodes        | 212      |
|    fps             | 42       |
|    time_elapsed    | 15137    |
|    total_timesteps | 640024   |
| train/             |          |
|    actor_loss      | -6.07    |
|    critic_loss     | 0.000729 |
|    ent_coef        | 0.000323 |
|    ent_coef_loss   | -39.6    |
|    learning_rate   | 0.0003   |
|    n_updates       | 639023   |
---------------------------------
---------------------------------
| time/              |          |
|    episodes        | 216      |
|    fps             | 42       |
|    time_elapsed    | 15447    |
|    total_timesteps | 652721   |
| train/             |          |
|    actor_loss      | -5.75    |
|    critic_loss     | 0.0022   |
|    ent_coef        | 0.000238 |
|    ent_coef_loss   | -14.6    |
|    learning_rate   | 0.0003   |
|    n_updates       | 651720   |
---------------------------------
Eval num_timesteps=660000, episode_reward=-2.73 +/- 0.02
Episode length: 7418.33 +/- 369.42
---------------------------------
| eval/              |          |
|    mean_ep_length  | 7.42e+03 |
|    mean_reward     | -2.73    |
| time/              |          |
|    total_timesteps | 660000   |
| train/             |          |
|    actor_loss      | -5.57    |
|    critic_loss     | 0.0011   |
|    ent_coef        | 0.000216 |
|    ent_coef_loss   | 19.8     |
|    learning_rate   | 0.0003   |
|    n_updates       | 658999   |
---------------------------------
---------------------------------
| time/              |          |
|    episodes        | 220      |
|    fps             | 42       |
|    time_elapsed    | 15740    |
|    total_timesteps | 664043   |
| train/             |          |
|    actor_loss      | -5.39    |
|    critic_loss     | 0.00228  |
|    ent_coef        | 0.000182 |
|    ent_coef_loss   | -3.18    |
|    learning_rate   | 0.0003   |
|    n_updates       | 663042   |
---------------------------------
---------------------------------
| time/              |          |
|    episodes        | 224      |
|    fps             | 42       |
|    time_elapsed    | 16039    |
|    total_timesteps | 676384   |
| train/             |          |
|    actor_loss      | -5.12    |
|    critic_loss     | 0.00128  |
|    ent_coef        | 0.000223 |
|    ent_coef_loss   | -18.7    |
|    learning_rate   | 0.0003   |
|    n_updates       | 675383   |
---------------------------------
Eval num_timesteps=680000, episode_reward=-3.18 +/- 1.19
Episode length: 7995.67 +/- 153.89
---------------------------------
| eval/              |          |
|    mean_ep_length  | 8e+03    |
|    mean_reward     | -3.18    |
| time/              |          |
|    total_timesteps | 680000   |
| train/             |          |
|    actor_loss      | -5.03    |
|    critic_loss     | 0.00119  |
|    ent_coef        | 0.000365 |
|    ent_coef_loss   | 23.7     |
|    learning_rate   | 0.0003   |
|    n_updates       | 678999   |
---------------------------------
---------------------------------
| time/              |          |
|    episodes        | 228      |
|    fps             | 42       |
|    time_elapsed    | 16361    |
|    total_timesteps | 688797   |
| train/             |          |
|    actor_loss      | -4.75    |
|    critic_loss     | 0.0652   |
|    ent_coef        | 0.000289 |
|    ent_coef_loss   | -18      |
|    learning_rate   | 0.0003   |
|    n_updates       | 687796   |
---------------------------------
Eval num_timesteps=700000, episode_reward=-4.34 +/- 0.51
Episode length: 7773.33 +/- 798.69
---------------------------------
| eval/              |          |
|    mean_ep_length  | 7.77e+03 |
|    mean_reward     | -4.34    |
| time/              |          |
|    total_timesteps | 700000   |
| train/             |          |
|    actor_loss      | -4.49    |
|    critic_loss     | 0.0478   |
|    ent_coef        | 0.000184 |
|    ent_coef_loss   | -4.77    |
|    learning_rate   | 0.0003   |
|    n_updates       | 698999   |
---------------------------------
---------------------------------
| time/              |          |
|    episodes        | 232      |
|    fps             | 42       |
|    time_elapsed    | 16678    |
|    total_timesteps | 701018   |
| train/             |          |
|    actor_loss      | -4.45    |
|    critic_loss     | 0.00337  |
|    ent_coef        | 0.000182 |
|    ent_coef_loss   | -22.8    |
|    learning_rate   | 0.0003   |
|    n_updates       | 700017   |
---------------------------------
---------------------------------
| time/              |          |
|    episodes        | 236      |
|    fps             | 42       |
|    time_elapsed    | 16972    |
|    total_timesteps | 713202   |
| train/             |          |
|    actor_loss      | -4.21    |
|    critic_loss     | 0.000471 |
|    ent_coef        | 0.000173 |
|    ent_coef_loss   | 30.4     |
|    learning_rate   | 0.0003   |
|    n_updates       | 712201   |
---------------------------------
Eval num_timesteps=720000, episode_reward=-4.18 +/- 1.71
Episode length: 7543.00 +/- 1002.63
---------------------------------
| eval/              |          |
|    mean_ep_length  | 7.54e+03 |
|    mean_reward     | -4.18    |
| time/              |          |
|    total_timesteps | 720000   |
| train/             |          |
|    actor_loss      | -4.07    |
|    critic_loss     | 0.000524 |
|    ent_coef        | 0.000161 |
|    ent_coef_loss   | 3.81     |
|    learning_rate   | 0.0003   |
|    n_updates       | 718999   |
---------------------------------
---------------------------------
| time/              |          |
|    episodes        | 240      |
|    fps             | 41       |
|    time_elapsed    | 17237    |
|    total_timesteps | 723864   |
| train/             |          |
|    actor_loss      | -3.98    |
|    critic_loss     | 0.000212 |
|    ent_coef        | 0.000201 |
|    ent_coef_loss   | -13.8    |
|    learning_rate   | 0.0003   |
|    n_updates       | 722863   |
---------------------------------
---------------------------------
| time/              |          |
|    episodes        | 244      |
|    fps             | 42       |
|    time_elapsed    | 17467    |
|    total_timesteps | 735078   |
| train/             |          |
|    actor_loss      | -3.73    |
|    critic_loss     | 0.000214 |
|    ent_coef        | 0.000211 |
|    ent_coef_loss   | 4.1      |
|    learning_rate   | 0.0003   |
|    n_updates       | 734077   |
---------------------------------
Eval num_timesteps=740000, episode_reward=-3.43 +/- 1.55
Episode length: 7141.67 +/- 319.41
---------------------------------
| eval/              |          |
|    mean_ep_length  | 7.14e+03 |
|    mean_reward     | -3.43    |
| time/              |          |
|    total_timesteps | 740000   |
| train/             |          |
|    actor_loss      | -3.63    |
|    critic_loss     | 0.000125 |
|    ent_coef        | 0.000136 |
|    ent_coef_loss   | 24.1     |
|    learning_rate   | 0.0003   |
|    n_updates       | 738999   |
---------------------------------
---------------------------------
| time/              |          |
|    episodes        | 248      |
|    fps             | 42       |
|    time_elapsed    | 17718    |
|    total_timesteps | 746299   |
| train/             |          |
|    actor_loss      | -3.49    |
|    critic_loss     | 0.000495 |
|    ent_coef        | 0.000115 |
|    ent_coef_loss   | -7.42    |
|    learning_rate   | 0.0003   |
|    n_updates       | 745298   |
---------------------------------
---------------------------------
| time/              |          |
|    episodes        | 252      |
|    fps             | 42       |
|    time_elapsed    | 17980    |
|    total_timesteps | 759082   |
| train/             |          |
|    actor_loss      | -3.25    |
|    critic_loss     | 0.000515 |
|    ent_coef        | 0.000137 |
|    ent_coef_loss   | 23.9     |
|    learning_rate   | 0.0003   |
|    n_updates       | 758081   |
---------------------------------
Eval num_timesteps=760000, episode_reward=-4.00 +/- 1.81
Episode length: 7030.00 +/- 434.11
---------------------------------
| eval/              |          |
|    mean_ep_length  | 7.03e+03 |
|    mean_reward     | -4       |
| time/              |          |
|    total_timesteps | 760000   |
| train/             |          |
|    actor_loss      | -3.24    |
|    critic_loss     | 0.000282 |
|    ent_coef        | 0.000122 |
|    ent_coef_loss   | 3.11     |
|    learning_rate   | 0.0003   |
|    n_updates       | 758999   |
---------------------------------
---------------------------------
| time/              |          |
|    episodes        | 256      |
|    fps             | 42       |
|    time_elapsed    | 18263    |
|    total_timesteps | 772023   |
| train/             |          |
|    actor_loss      | -3.03    |
|    critic_loss     | 0.000121 |
|    ent_coef        | 9.54e-05 |
|    ent_coef_loss   | -2.53    |
|    learning_rate   | 0.0003   |
|    n_updates       | 771022   |
---------------------------------
Eval num_timesteps=780000, episode_reward=-2.88 +/- 0.45
Episode length: 7724.00 +/- 679.36
---------------------------------
| eval/              |          |
|    mean_ep_length  | 7.72e+03 |
|    mean_reward     | -2.88    |
| time/              |          |
|    total_timesteps | 780000   |
| train/             |          |
|    actor_loss      | -2.91    |
|    critic_loss     | 0.000234 |
|    ent_coef        | 9.53e-05 |
|    ent_coef_loss   | 47.1     |
|    learning_rate   | 0.0003   |
|    n_updates       | 778999   |
---------------------------------
---------------------------------
| time/              |          |
|    episodes        | 260      |
|    fps             | 42       |
|    time_elapsed    | 18553    |
|    total_timesteps | 785186   |
| train/             |          |
|    actor_loss      | -2.82    |
|    critic_loss     | 0.000222 |
|    ent_coef        | 0.000129 |
|    ent_coef_loss   | -30.5    |
|    learning_rate   | 0.0003   |
|    n_updates       | 784185   |
---------------------------------
---------------------------------
| time/              |          |
|    episodes        | 264      |
|    fps             | 42       |
|    time_elapsed    | 18805    |
|    total_timesteps | 797519   |
| train/             |          |
|    actor_loss      | -2.6     |
|    critic_loss     | 0.000392 |
|    ent_coef        | 8.74e-05 |
|    ent_coef_loss   | -0.304   |
|    learning_rate   | 0.0003   |
|    n_updates       | 796518   |
---------------------------------
Eval num_timesteps=800000, episode_reward=-2.85 +/- 1.71
Episode length: 6635.33 +/- 510.32
---------------------------------
| eval/              |          |
|    mean_ep_length  | 6.64e+03 |
|    mean_reward     | -2.85    |
| time/              |          |
|    total_timesteps | 800000   |
| train/             |          |
|    actor_loss      | -2.55    |
|    critic_loss     | 0.000158 |
|    ent_coef        | 0.000104 |
|    ent_coef_loss   | 19       |
|    learning_rate   | 0.0003   |
|    n_updates       | 798999   |
---------------------------------
---------------------------------
| time/              |          |
|    episodes        | 268      |
|    fps             | 42       |
|    time_elapsed    | 19075    |
|    total_timesteps | 809244   |
| train/             |          |
|    actor_loss      | -2.4     |
|    critic_loss     | 0.000233 |
|    ent_coef        | 7.52e-05 |
|    ent_coef_loss   | -6.94    |
|    learning_rate   | 0.0003   |
|    n_updates       | 808243   |
---------------------------------
Eval num_timesteps=820000, episode_reward=-4.49 +/- 1.70
Episode length: 7152.33 +/- 568.29
---------------------------------
| eval/              |          |
|    mean_ep_length  | 7.15e+03 |
|    mean_reward     | -4.49    |
| time/              |          |
|    total_timesteps | 820000   |
| train/             |          |
|    actor_loss      | -2.21    |
|    critic_loss     | 0.000262 |
|    ent_coef        | 0.000104 |
|    ent_coef_loss   | -36.5    |
|    learning_rate   | 0.0003   |
|    n_updates       | 818999   |
---------------------------------
---------------------------------
| time/              |          |
|    episodes        | 272      |
|    fps             | 42       |
|    time_elapsed    | 19340    |
|    total_timesteps | 821239   |
| train/             |          |
|    actor_loss      | -2.24    |
|    critic_loss     | 0.000796 |
|    ent_coef        | 8.6e-05  |
|    ent_coef_loss   | 71.9     |
|    learning_rate   | 0.0003   |
|    n_updates       | 820238   |
---------------------------------
---------------------------------
| time/              |          |
|    episodes        | 276      |
|    fps             | 42       |
|    time_elapsed    | 19558    |
|    total_timesteps | 832195   |
| train/             |          |
|    actor_loss      | -2.09    |
|    critic_loss     | 0.00021  |
|    ent_coef        | 0.000136 |
|    ent_coef_loss   | -2.81    |
|    learning_rate   | 0.0003   |
|    n_updates       | 831194   |
---------------------------------
Eval num_timesteps=840000, episode_reward=-4.03 +/- 0.96
Episode length: 7375.33 +/- 665.06
---------------------------------
| eval/              |          |
|    mean_ep_length  | 7.38e+03 |
|    mean_reward     | -4.03    |
| time/              |          |
|    total_timesteps | 840000   |
| train/             |          |
|    actor_loss      | -2       |
|    critic_loss     | 0.000673 |
|    ent_coef        | 7.63e-05 |
|    ent_coef_loss   | 7.38     |
|    learning_rate   | 0.0003   |
|    n_updates       | 838999   |
---------------------------------
---------------------------------
| time/              |          |
|    episodes        | 280      |
|    fps             | 42       |
|    time_elapsed    | 19834    |
|    total_timesteps | 844665   |
| train/             |          |
|    actor_loss      | -1.94    |
|    critic_loss     | 0.000172 |
|    ent_coef        | 0.000145 |
|    ent_coef_loss   | 11.2     |
|    learning_rate   | 0.0003   |
|    n_updates       | 843664   |
---------------------------------
---------------------------------
| time/              |          |
|    episodes        | 284      |
|    fps             | 42       |
|    time_elapsed    | 20068    |
|    total_timesteps | 856016   |
| train/             |          |
|    actor_loss      | -1.79    |
|    critic_loss     | 8.71e-05 |
|    ent_coef        | 0.000119 |
|    ent_coef_loss   | -25.9    |
|    learning_rate   | 0.0003   |
|    n_updates       | 855015   |
---------------------------------
Eval num_timesteps=860000, episode_reward=-3.93 +/- 1.08
Episode length: 7329.00 +/- 176.52
---------------------------------
| eval/              |          |
|    mean_ep_length  | 7.33e+03 |
|    mean_reward     | -3.93    |
| time/              |          |
|    total_timesteps | 860000   |
| train/             |          |
|    actor_loss      | -1.75    |
|    critic_loss     | 0.0118   |
|    ent_coef        | 6.54e-05 |
|    ent_coef_loss   | -5.02    |
|    learning_rate   | 0.0003   |
|    n_updates       | 858999   |
---------------------------------
---------------------------------
| time/              |          |
|    episodes        | 288      |
|    fps             | 42       |
|    time_elapsed    | 20324    |
|    total_timesteps | 867449   |
| train/             |          |
|    actor_loss      | -1.67    |
|    critic_loss     | 0.00016  |
|    ent_coef        | 8.79e-05 |
|    ent_coef_loss   | 25.1     |
|    learning_rate   | 0.0003   |
|    n_updates       | 866448   |
---------------------------------
---------------------------------
| time/              |          |
|    episodes        | 292      |
|    fps             | 42       |
|    time_elapsed    | 20476    |
|    total_timesteps | 878960   |
| train/             |          |
|    actor_loss      | -1.55    |
|    critic_loss     | 8.99e-05 |
|    ent_coef        | 5.57e-05 |
|    ent_coef_loss   | -12.1    |
|    learning_rate   | 0.0003   |
|    n_updates       | 877959   |
---------------------------------
Eval num_timesteps=880000, episode_reward=-2.36 +/- 1.07
Episode length: 7610.00 +/- 344.00
---------------------------------
| eval/              |          |
|    mean_ep_length  | 7.61e+03 |
|    mean_reward     | -2.36    |
| time/              |          |
|    total_timesteps | 880000   |
| train/             |          |
|    actor_loss      | -1.54    |
|    critic_loss     | 5.89e-05 |
|    ent_coef        | 4.48e-05 |
|    ent_coef_loss   | 0.298    |
|    learning_rate   | 0.0003   |
|    n_updates       | 878999   |
---------------------------------
---------------------------------
| time/              |          |
|    episodes        | 296      |
|    fps             | 42       |
|    time_elapsed    | 20728    |
|    total_timesteps | 891051   |
| train/             |          |
|    actor_loss      | -1.42    |
|    critic_loss     | 0.000137 |
|    ent_coef        | 3.79e-05 |
|    ent_coef_loss   | -20.7    |
|    learning_rate   | 0.0003   |
|    n_updates       | 890050   |
---------------------------------
Eval num_timesteps=900000, episode_reward=-4.42 +/- 0.90
Episode length: 7880.00 +/- 617.69
---------------------------------
| eval/              |          |
|    mean_ep_length  | 7.88e+03 |
|    mean_reward     | -4.42    |
| time/              |          |
|    total_timesteps | 900000   |
| train/             |          |
|    actor_loss      | -1.33    |
|    critic_loss     | 6.81e-05 |
|    ent_coef        | 2.92e-05 |
|    ent_coef_loss   | -13.1    |
|    learning_rate   | 0.0003   |
|    n_updates       | 898999   |
---------------------------------
---------------------------------
| time/              |          |
|    episodes        | 300      |
|    fps             | 43       |
|    time_elapsed    | 20983    |
|    total_timesteps | 902409   |
| train/             |          |
|    actor_loss      | -1.3     |
|    critic_loss     | 6.49e-05 |
|    ent_coef        | 3.07e-05 |
|    ent_coef_loss   | -2.21    |
|    learning_rate   | 0.0003   |
|    n_updates       | 901408   |
---------------------------------
---------------------------------
| time/              |          |
|    episodes        | 304      |
|    fps             | 43       |
|    time_elapsed    | 21247    |
|    total_timesteps | 915160   |
| train/             |          |
|    actor_loss      | -1.19    |
|    critic_loss     | 5.47e-05 |
|    ent_coef        | 0.000134 |
|    ent_coef_loss   | 5.23     |
|    learning_rate   | 0.0003   |
|    n_updates       | 914159   |
---------------------------------
Eval num_timesteps=920000, episode_reward=-4.95 +/- 0.92
Episode length: 6875.00 +/- 961.29
---------------------------------
| eval/              |          |
|    mean_ep_length  | 6.88e+03 |
|    mean_reward     | -4.95    |
| time/              |          |
|    total_timesteps | 920000   |
| train/             |          |
|    actor_loss      | -1.13    |
|    critic_loss     | 0.000142 |
|    ent_coef        | 3.54e-05 |
|    ent_coef_loss   | -7.97    |
|    learning_rate   | 0.0003   |
|    n_updates       | 918999   |
---------------------------------
---------------------------------
| time/              |          |
|    episodes        | 308      |
|    fps             | 43       |
|    time_elapsed    | 21526    |
|    total_timesteps | 927561   |
| train/             |          |
|    actor_loss      | -1.06    |
|    critic_loss     | 0.000109 |
|    ent_coef        | 2.32e-05 |
|    ent_coef_loss   | -24      |
|    learning_rate   | 0.0003   |
|    n_updates       | 926560   |
---------------------------------
Eval num_timesteps=940000, episode_reward=-4.49 +/- 1.41
Episode length: 7338.67 +/- 746.68
---------------------------------
| eval/              |          |
|    mean_ep_length  | 7.34e+03 |
|    mean_reward     | -4.49    |
| time/              |          |
|    total_timesteps | 940000   |
| train/             |          |
|    actor_loss      | -0.947   |
|    critic_loss     | 0.000126 |
|    ent_coef        | 2.51e-05 |
|    ent_coef_loss   | -11.1    |
|    learning_rate   | 0.0003   |
|    n_updates       | 938999   |
---------------------------------
---------------------------------
| time/              |          |
|    episodes        | 312      |
|    fps             | 43       |
|    time_elapsed    | 21817    |
|    total_timesteps | 940515   |
| train/             |          |
|    actor_loss      | -0.946   |
|    critic_loss     | 9.07e-05 |
|    ent_coef        | 2.67e-05 |
|    ent_coef_loss   | 16.4     |
|    learning_rate   | 0.0003   |
|    n_updates       | 939514   |
---------------------------------
---------------------------------
| time/              |          |
|    episodes        | 316      |
|    fps             | 43       |
|    time_elapsed    | 22081    |
|    total_timesteps | 953371   |
| train/             |          |
|    actor_loss      | -0.82    |
|    critic_loss     | 9.55e-05 |
|    ent_coef        | 2.19e-05 |
|    ent_coef_loss   | 13       |
|    learning_rate   | 0.0003   |
|    n_updates       | 952370   |
---------------------------------
Eval num_timesteps=960000, episode_reward=-5.91 +/- 2.43
Episode length: 7990.00 +/- 756.57
---------------------------------
| eval/              |          |
|    mean_ep_length  | 7.99e+03 |
|    mean_reward     | -5.91    |
| time/              |          |
|    total_timesteps | 960000   |
| train/             |          |
|    actor_loss      | -0.765   |
|    critic_loss     | 7.08e-05 |
|    ent_coef        | 5.59e-05 |
|    ent_coef_loss   | -2.13    |
|    learning_rate   | 0.0003   |
|    n_updates       | 958999   |
---------------------------------
---------------------------------
| time/              |          |
|    episodes        | 320      |
|    fps             | 43       |
|    time_elapsed    | 22343    |
|    total_timesteps | 964388   |
| train/             |          |
|    actor_loss      | -0.727   |
|    critic_loss     | 0.00152  |
|    ent_coef        | 3.32e-05 |
|    ent_coef_loss   | 18       |
|    learning_rate   | 0.0003   |
|    n_updates       | 963387   |
---------------------------------
---------------------------------
| time/              |          |
|    episodes        | 324      |
|    fps             | 43       |
|    time_elapsed    | 22609    |
|    total_timesteps | 975494   |
| train/             |          |
|    actor_loss      | -0.631   |
|    critic_loss     | 0.000446 |
|    ent_coef        | 3.47e-05 |
|    ent_coef_loss   | -32.9    |
|    learning_rate   | 0.0003   |
|    n_updates       | 974493   |
---------------------------------
Eval num_timesteps=980000, episode_reward=-3.00 +/- 0.79
Episode length: 7754.00 +/- 550.87
---------------------------------
| eval/              |          |
|    mean_ep_length  | 7.75e+03 |
|    mean_reward     | -3       |
| time/              |          |
|    total_timesteps | 980000   |
| train/             |          |
|    actor_loss      | -0.602   |
|    critic_loss     | 0.00117  |
|    ent_coef        | 4.42e-05 |
|    ent_coef_loss   | -19.5    |
|    learning_rate   | 0.0003   |
|    n_updates       | 978999   |
---------------------------------
---------------------------------
| time/              |          |
|    episodes        | 328      |
|    fps             | 43       |
|    time_elapsed    | 22887    |
|    total_timesteps | 987883   |
| train/             |          |
|    actor_loss      | -0.547   |
|    critic_loss     | 3.85e-05 |
|    ent_coef        | 2.67e-05 |
|    ent_coef_loss   | -2.54    |
|    learning_rate   | 0.0003   |
|    n_updates       | 986882   |
---------------------------------
Eval num_timesteps=1000000, episode_reward=-3.17 +/- 0.87
Episode length: 7456.00 +/- 447.94
---------------------------------
| eval/              |          |
|    mean_ep_length  | 7.46e+03 |
|    mean_reward     | -3.17    |
| time/              |          |
|    total_timesteps | 1000000  |
| train/             |          |
|    actor_loss      | -0.474   |
|    critic_loss     | 1.94e-05 |
|    ent_coef        | 1.81e-05 |
|    ent_coef_loss   | -3.92    |
|    learning_rate   | 0.0003   |
|    n_updates       | 998999   |
---------------------------------
 100% ━━━━━━━━━━━━━━━━━━━━━ 1,000,000/1,000,000  [ 6:25:25 < 0:00:00 , 17 it/s ]


✓  Final model saved → checkpoints/octopus_sac_final
